// Jest Snapshot v1, https://goo.gl/fbAQLP

exports[`CssParser should get all classes from 'empty.module.scss' 1`] = `Object {}`;

exports[`CssParser should get all classes from 'test-css.module.css' 1`] = `
Object {
  "ClassB": "file__ClassB---2bPVi",
  "class-c": "file__class-c---DZ1TD",
  "classA": "file__classA---2xcnJ",
  "class_d": "file__class_d---1mwNi",
}
`;

exports[`CssParser should get all classes from 'test-scss.module.scss' 1`] = `
Object {
  "child-class": "file__child-class---1mwoB",
  "const": "file__const---1uG5q",
  "default": "file__default---3wY_M",
  "local-class": "file__local-class---3KegX",
  "local-class-2": "file__local-class-2---2h6qz",
  "local-class-inside-global": "file__local-class-inside-global---2xH_Y",
  "local-class-inside-local": "file__local-class-inside-local---QdL6b",
  "nested-class-parent": "file__nested-class-parent---_ft7G",
  "nested-class-parent--extended": "file__nested-class-parent--extended---1642l",
  "reserved-words": "file__reserved-words---rsDKy",
  "section-1": "file__section-1---2EiKX",
  "section-2": "file__section-2---2f4aZ",
  "section-3": "file__section-3---R_Ilj",
  "section-4": "file__section-4---3EjYO",
  "section-5": "file__section-5---1DSe8",
  "section-6": "file__section-6---1RoVP",
  "section-7": "file__section-7---l5yMj",
  "section-8": "file__section-8---3FEWv",
  "section-9": "file__section-9---1TFYE",
}
`;
